2026-07-21 15:13:12,577:WARNING:
'cuml' is a soft dependency and not included in the pycaret installation. Please run: `pip install cuml` to install.
2026-07-21 15:13:12,578:WARNING:
'cuml' is a soft dependency and not included in the pycaret installation. Please run: `pip install cuml` to install.
2026-07-21 15:13:12,578:WARNING:
'cuml' is a soft dependency and not included in the pycaret installation. Please run: `pip install cuml` to install.
2026-07-21 15:13:12,578:WARNING:
'cuml' is a soft dependency and not included in the pycaret installation. Please run: `pip install cuml` to install.
2026-07-21 15:13:20,130:INFO:PyCaret ClassificationExperiment
2026-07-21 15:13:20,131:INFO:Logging name: clf-default-name
2026-07-21 15:13:20,134:INFO:ML Usecase: MLUsecase.CLASSIFICATION
2026-07-21 15:13:20,134:INFO:version 3.3.2
2026-07-21 15:13:20,134:INFO:Initializing setup()
2026-07-21 15:13:20,134:INFO:self.USI: 7a7d
2026-07-21 15:13:20,134:INFO:self._variable_keys: {'_ml_usecase', 'memory', 'pipeline', 'gpu_param', 'fold_groups_param', 'html_param', 'exp_name_log', 'USI', 'seed', 'target_param', 'y_train', 'X_train', 'idx', 'n_jobs_param', 'log_plots_param', 'logging_param', 'data', 'y', 'X', '_available_plots', 'y_test', 'X_test', 'exp_id', 'is_multiclass', 'fold_generator', 'fold_shuffle_param', 'gpu_n_jobs_param', 'fix_imbalance'}
2026-07-21 15:13:20,134:INFO:Checking environment
2026-07-21 15:13:20,135:INFO:python_version: 3.10.20
2026-07-21 15:13:20,135:INFO:python_build: ('main', 'Jun 11 2026 15:13:20')
2026-07-21 15:13:20,135:INFO:machine: AMD64
2026-07-21 15:13:20,211:INFO:platform: Windows-10-10.0.26200-SP0
2026-07-21 15:13:20,211:INFO:Memory: svmem(total=68584497152, available=42387587072, percent=38.2, used=26196910080, free=42387587072)
2026-07-21 15:13:20,211:INFO:Physical Core: 6
2026-07-21 15:13:20,211:INFO:Logical Core: 12
2026-07-21 15:13:20,211:INFO:Checking libraries
2026-07-21 15:13:20,212:INFO:System:
2026-07-21 15:13:20,212:INFO:    python: 3.10.20 | packaged by Anaconda, Inc. | (main, Jun 11 2026, 15:13:20) [MSC v.1942 64 bit (AMD64)]
2026-07-21 15:13:20,212:INFO:executable: E:\testIT3385\IT3385_Env_001\env\python.exe
2026-07-21 15:13:20,212:INFO:   machine: Windows-10-10.0.26200-SP0
2026-07-21 15:13:20,212:INFO:PyCaret required dependencies:
2026-07-21 15:13:20,216:WARNING:E:\testIT3385\IT3385_Env_001\env\lib\site-packages\_distutils_hack\__init__.py:30: UserWarning: Setuptools is replacing distutils. Support for replacing an already imported distutils is deprecated. In the future, this condition will fail. Register concerns at https://github.com/pypa/setuptools/issues/new?template=distutils-deprecation.yml
  warnings.warn(

2026-07-21 15:13:21,798:INFO:                 pip: 26.1.2
2026-07-21 15:13:21,798:INFO:          setuptools: 82.0.1
2026-07-21 15:13:21,798:INFO:             pycaret: 3.3.2
2026-07-21 15:13:21,798:INFO:             IPython: 8.39.0
2026-07-21 15:13:21,798:INFO:          ipywidgets: 8.1.8
2026-07-21 15:13:21,798:INFO:                tqdm: 4.68.4
2026-07-21 15:13:21,798:INFO:               numpy: 1.26.4
2026-07-21 15:13:21,798:INFO:              pandas: 2.1.4
2026-07-21 15:13:21,798:INFO:              jinja2: 3.1.6
2026-07-21 15:13:21,799:INFO:               scipy: 1.11.4
2026-07-21 15:13:21,799:INFO:              joblib: 1.3.2
2026-07-21 15:13:21,799:INFO:             sklearn: 1.4.2
2026-07-21 15:13:21,799:INFO:                pyod: 3.4.0
2026-07-21 15:13:21,799:INFO:            imblearn: 0.14.2
2026-07-21 15:13:21,799:INFO:   category_encoders: 2.7.0
2026-07-21 15:13:21,799:INFO:            lightgbm: 4.6.0
2026-07-21 15:13:21,799:INFO:               numba: 0.62.1
2026-07-21 15:13:21,799:INFO:            requests: 2.34.2
2026-07-21 15:13:21,799:INFO:          matplotlib: 3.7.5
2026-07-21 15:13:21,799:INFO:          scikitplot: 0.3.7
2026-07-21 15:13:21,800:INFO:         yellowbrick: 1.5
2026-07-21 15:13:21,800:INFO:              plotly: 6.8.0
2026-07-21 15:13:21,800:INFO:    plotly-resampler: Not installed
2026-07-21 15:13:21,800:INFO:             kaleido: 1.3.0
2026-07-21 15:13:21,800:INFO:           schemdraw: 0.15
2026-07-21 15:13:21,800:INFO:         statsmodels: 0.14.6
2026-07-21 15:13:21,800:INFO:              sktime: 0.26.0
2026-07-21 15:13:21,800:INFO:               tbats: 1.1.3
2026-07-21 15:13:21,800:INFO:            pmdarima: 2.0.4
2026-07-21 15:13:21,800:INFO:              psutil: 7.2.2
2026-07-21 15:13:21,801:INFO:          markupsafe: 3.0.3
2026-07-21 15:13:21,801:INFO:             pickle5: Not installed
2026-07-21 15:13:21,801:INFO:         cloudpickle: 3.1.2
2026-07-21 15:13:21,801:INFO:         deprecation: 2.1.0
2026-07-21 15:13:21,801:INFO:              xxhash: 3.8.1
2026-07-21 15:13:21,801:INFO:           wurlitzer: Not installed
2026-07-21 15:13:21,801:INFO:PyCaret optional dependencies:
2026-07-21 15:13:32,066:INFO:                shap: 0.44.1
2026-07-21 15:13:32,067:INFO:           interpret: 0.6.9
2026-07-21 15:13:32,067:INFO:                umap: 0.5.7
2026-07-21 15:13:32,067:INFO:     ydata_profiling: 4.18.4
2026-07-21 15:13:32,067:INFO:  explainerdashboard: 0.5.8
2026-07-21 15:13:32,067:INFO:             autoviz: Not installed
2026-07-21 15:13:32,067:INFO:           fairlearn: 0.7.0
2026-07-21 15:13:32,067:INFO:          deepchecks: Not installed
2026-07-21 15:13:32,067:INFO:             xgboost: 3.2.0
2026-07-21 15:13:32,067:INFO:            catboost: 1.2.10
2026-07-21 15:13:32,067:INFO:              kmodes: 0.12.2
2026-07-21 15:13:32,067:INFO:             mlxtend: 0.23.4
2026-07-21 15:13:32,068:INFO:       statsforecast: 1.5.0
2026-07-21 15:13:32,068:INFO:        tune_sklearn: Not installed
2026-07-21 15:13:32,068:INFO:                 ray: Not installed
2026-07-21 15:13:32,068:INFO:            hyperopt: 0.2.7
2026-07-21 15:13:32,068:INFO:              optuna: 4.9.0
2026-07-21 15:13:32,068:INFO:               skopt: 0.10.2
2026-07-21 15:13:32,068:INFO:              mlflow: 3.14.0
2026-07-21 15:13:32,068:INFO:              gradio: 6.20.0
2026-07-21 15:13:32,068:INFO:             fastapi: 0.139.0
2026-07-21 15:13:32,068:INFO:             uvicorn: 0.51.0
2026-07-21 15:13:32,068:INFO:              m2cgen: 0.10.0
2026-07-21 15:13:32,069:INFO:           evidently: 0.4.40
2026-07-21 15:13:32,069:INFO:               fugue: 0.8.7
2026-07-21 15:13:32,070:INFO:           streamlit: Not installed
2026-07-21 15:13:32,070:INFO:             prophet: Not installed
2026-07-21 15:13:32,070:INFO:None
2026-07-21 15:13:32,070:INFO:Set up data.
2026-07-21 15:13:32,081:INFO:Set up folding strategy.
2026-07-21 15:13:32,081:INFO:Set up train/test split.
2026-07-21 15:13:32,095:INFO:Set up index.
2026-07-21 15:13:32,096:INFO:Assigning column types.
2026-07-21 15:13:32,103:INFO:Engine successfully changes for model 'lr' to 'sklearn'.
2026-07-21 15:13:32,167:INFO:Engine for model 'knn' has not been set explicitly, hence returning None.
2026-07-21 15:13:32,174:INFO:Engine for model 'rbfsvm' has not been set explicitly, hence returning None.
2026-07-21 15:13:32,243:INFO:Soft dependency imported: xgboost: 3.2.0
2026-07-21 15:13:32,247:INFO:Soft dependency imported: catboost: 1.2.10
2026-07-21 15:13:32,373:INFO:Engine for model 'knn' has not been set explicitly, hence returning None.
2026-07-21 15:13:32,374:INFO:Engine for model 'rbfsvm' has not been set explicitly, hence returning None.
2026-07-21 15:13:32,415:INFO:Soft dependency imported: xgboost: 3.2.0
2026-07-21 15:13:32,419:INFO:Soft dependency imported: catboost: 1.2.10
2026-07-21 15:13:32,420:INFO:Engine successfully changes for model 'knn' to 'sklearn'.
2026-07-21 15:13:32,486:INFO:Engine for model 'rbfsvm' has not been set explicitly, hence returning None.
2026-07-21 15:13:32,527:INFO:Soft dependency imported: xgboost: 3.2.0
2026-07-21 15:13:32,531:INFO:Soft dependency imported: catboost: 1.2.10
2026-07-21 15:13:32,598:INFO:Engine for model 'rbfsvm' has not been set explicitly, hence returning None.
2026-07-21 15:13:32,638:INFO:Soft dependency imported: xgboost: 3.2.0
2026-07-21 15:13:32,643:INFO:Soft dependency imported: catboost: 1.2.10
2026-07-21 15:13:32,644:INFO:Engine successfully changes for model 'rbfsvm' to 'sklearn'.
2026-07-21 15:13:32,754:INFO:Soft dependency imported: xgboost: 3.2.0
2026-07-21 15:13:32,758:INFO:Soft dependency imported: catboost: 1.2.10
2026-07-21 15:13:32,873:INFO:Soft dependency imported: xgboost: 3.2.0
2026-07-21 15:13:32,877:INFO:Soft dependency imported: catboost: 1.2.10
2026-07-21 15:13:32,890:INFO:Preparing preprocessing pipeline...
2026-07-21 15:13:32,892:INFO:Set up label encoding.
2026-07-21 15:13:32,892:INFO:Set up simple imputation.
2026-07-21 15:13:32,896:INFO:Set up encoding of ordinal features.
2026-07-21 15:13:32,899:INFO:Set up encoding of categorical features.
2026-07-21 15:13:33,003:INFO:Finished creating preprocessing pipeline.
2026-07-21 15:13:33,035:INFO:Pipeline: Pipeline(memory=FastMemory(location=C:\Users\s123m\AppData\Local\Temp\joblib),
         steps=[('label_encoding',
                 TransformerWrapperWithInverse(exclude=None, include=None,
                                               transformer=LabelEncoder())),
                ('numerical_imputer',
                 TransformerWrapper(exclude=None,
                                    include=['Id', 'WeekofPurchase', 'StoreID',
                                             'PriceCH', 'PriceMM', 'DiscCH',
                                             'DiscMM', 'SpecialCH', 'SpecialMM',
                                             'Loyal...
                                                              missing_values=nan,
                                                              strategy='most_frequent'))),
                ('ordinal_encoding',
                 TransformerWrapper(exclude=None, include=['Store7'],
                                    transformer=OrdinalEncoder(cols=['Store7'],
                                                               drop_invariant=False,
                                                               handle_missing='return_nan',
                                                               handle_unknown='value',
                                                               mapping=[{'col': 'Store7',
                                                                         'data_type': dtype('O'),
                                                                         'mapping': No     0
Yes    1
NaN   -1
dtype: int64}],
                                                               return_df=True,
                                                               verbose=0)))],
         verbose=False)
2026-07-21 15:13:33,036:INFO:Creating final display dataframe.
2026-07-21 15:13:33,341:INFO:Setup _display_container:                     Description             Value
0                    Session id               123
1                        Target          Purchase
2                   Target type            Binary
3                Target mapping      CH: 0, MM: 1
4           Original data shape        (1070, 19)
5        Transformed data shape        (1070, 19)
6   Transformed train set shape         (749, 19)
7    Transformed test set shape         (321, 19)
8              Numeric features                17
9          Categorical features                 1
10                   Preprocess              True
11              Imputation type            simple
12           Numeric imputation              mean
13       Categorical imputation              mode
14     Maximum one-hot encoding                25
15              Encoding method              None
16               Fold Generator   StratifiedKFold
17                  Fold Number                10
18                     CPU Jobs                -1
19                      Use GPU             False
20               Log Experiment             False
21              Experiment Name  clf-default-name
22                          USI              7a7d
2026-07-21 15:13:33,444:INFO:Soft dependency imported: xgboost: 3.2.0
2026-07-21 15:13:33,449:INFO:Soft dependency imported: catboost: 1.2.10
2026-07-21 15:13:33,555:INFO:Soft dependency imported: xgboost: 3.2.0
2026-07-21 15:13:33,559:INFO:Soft dependency imported: catboost: 1.2.10
2026-07-21 15:13:33,561:INFO:setup() successfully completed in 13.49s...............
2026-07-21 15:14:51,973:WARNING:
'cuml' is a soft dependency and not included in the pycaret installation. Please run: `pip install cuml` to install.
2026-07-21 15:14:51,973:WARNING:
'cuml' is a soft dependency and not included in the pycaret installation. Please run: `pip install cuml` to install.
2026-07-21 15:14:51,973:WARNING:
'cuml' is a soft dependency and not included in the pycaret installation. Please run: `pip install cuml` to install.
2026-07-21 15:14:51,973:WARNING:
'cuml' is a soft dependency and not included in the pycaret installation. Please run: `pip install cuml` to install.
2026-07-21 15:14:57,973:INFO:PyCaret ClassificationExperiment
2026-07-21 15:14:57,973:INFO:Logging name: clf-default-name
2026-07-21 15:14:57,973:INFO:ML Usecase: MLUsecase.CLASSIFICATION
2026-07-21 15:14:57,973:INFO:version 3.3.2
2026-07-21 15:14:57,973:INFO:Initializing setup()
2026-07-21 15:14:57,973:INFO:self.USI: 8168
2026-07-21 15:14:57,973:INFO:self._variable_keys: {'fold_shuffle_param', 'data', '_ml_usecase', 'gpu_n_jobs_param', 'exp_id', 'log_plots_param', 'pipeline', 'fold_groups_param', 'y_train', 'fold_generator', 'X_test', 'USI', 'idx', 'n_jobs_param', 'seed', 'html_param', 'exp_name_log', '_available_plots', 'y_test', 'gpu_param', 'X', 'y', 'target_param', 'logging_param', 'fix_imbalance', 'memory', 'is_multiclass', 'X_train'}
2026-07-21 15:14:57,973:INFO:Checking environment
2026-07-21 15:14:57,973:INFO:python_version: 3.10.20
2026-07-21 15:14:57,974:INFO:python_build: ('main', 'Jun 11 2026 15:13:20')
2026-07-21 15:14:57,974:INFO:machine: AMD64
2026-07-21 15:14:58,056:INFO:platform: Windows-10-10.0.26200-SP0
2026-07-21 15:14:58,057:INFO:Memory: svmem(total=68584497152, available=42428653568, percent=38.1, used=26155843584, free=42428653568)
2026-07-21 15:14:58,057:INFO:Physical Core: 6
2026-07-21 15:14:58,057:INFO:Logical Core: 12
2026-07-21 15:14:58,057:INFO:Checking libraries
2026-07-21 15:14:58,057:INFO:System:
2026-07-21 15:14:58,057:INFO:    python: 3.10.20 | packaged by Anaconda, Inc. | (main, Jun 11 2026, 15:13:20) [MSC v.1942 64 bit (AMD64)]
2026-07-21 15:14:58,057:INFO:executable: E:\testIT3385\IT3385_Env_002\env\python.exe
2026-07-21 15:14:58,058:INFO:   machine: Windows-10-10.0.26200-SP0
2026-07-21 15:14:58,058:INFO:PyCaret required dependencies:
2026-07-21 15:14:58,059:WARNING:E:\testIT3385\IT3385_Env_002\env\lib\site-packages\_distutils_hack\__init__.py:30: UserWarning: Setuptools is replacing distutils. Support for replacing an already imported distutils is deprecated. In the future, this condition will fail. Register concerns at https://github.com/pypa/setuptools/issues/new?template=distutils-deprecation.yml
  warnings.warn(

2026-07-21 15:14:59,873:INFO:                 pip: 26.1.2
2026-07-21 15:14:59,873:INFO:          setuptools: 82.0.1
2026-07-21 15:14:59,873:INFO:             pycaret: 3.3.2
2026-07-21 15:14:59,873:INFO:             IPython: 8.39.0
2026-07-21 15:14:59,873:INFO:          ipywidgets: 8.1.8
2026-07-21 15:14:59,874:INFO:                tqdm: 4.68.4
2026-07-21 15:14:59,874:INFO:               numpy: 1.26.4
2026-07-21 15:14:59,874:INFO:              pandas: 2.1.4
2026-07-21 15:14:59,874:INFO:              jinja2: 3.1.6
2026-07-21 15:14:59,874:INFO:               scipy: 1.11.4
2026-07-21 15:14:59,874:INFO:              joblib: 1.3.2
2026-07-21 15:14:59,874:INFO:             sklearn: 1.4.2
2026-07-21 15:14:59,874:INFO:                pyod: 3.4.0
2026-07-21 15:14:59,874:INFO:            imblearn: 0.14.2
2026-07-21 15:14:59,875:INFO:   category_encoders: 2.7.0
2026-07-21 15:14:59,875:INFO:            lightgbm: 4.6.0
2026-07-21 15:14:59,875:INFO:               numba: 0.62.1
2026-07-21 15:14:59,875:INFO:            requests: 2.34.2
2026-07-21 15:14:59,875:INFO:          matplotlib: 3.7.5
2026-07-21 15:14:59,875:INFO:          scikitplot: 0.3.7
2026-07-21 15:14:59,875:INFO:         yellowbrick: 1.5
2026-07-21 15:14:59,875:INFO:              plotly: 6.8.0
2026-07-21 15:14:59,875:INFO:    plotly-resampler: Not installed
2026-07-21 15:14:59,875:INFO:             kaleido: 1.3.0
2026-07-21 15:14:59,876:INFO:           schemdraw: 0.15
2026-07-21 15:14:59,876:INFO:         statsmodels: 0.14.6
2026-07-21 15:14:59,876:INFO:              sktime: 0.26.0
2026-07-21 15:14:59,876:INFO:               tbats: 1.1.3
2026-07-21 15:14:59,876:INFO:            pmdarima: 2.0.4
2026-07-21 15:14:59,876:INFO:              psutil: 7.2.2
2026-07-21 15:14:59,876:INFO:          markupsafe: 3.0.3
2026-07-21 15:14:59,876:INFO:             pickle5: Not installed
2026-07-21 15:14:59,876:INFO:         cloudpickle: 3.1.2
2026-07-21 15:14:59,876:INFO:         deprecation: 2.1.0
2026-07-21 15:14:59,876:INFO:              xxhash: 3.8.1
2026-07-21 15:14:59,877:INFO:           wurlitzer: Not installed
2026-07-21 15:14:59,877:INFO:PyCaret optional dependencies:
2026-07-21 15:15:08,548:INFO:                shap: 0.44.1
2026-07-21 15:15:08,548:INFO:           interpret: 0.6.9
2026-07-21 15:15:08,548:INFO:                umap: 0.5.7
2026-07-21 15:15:08,548:INFO:     ydata_profiling: 4.18.4
2026-07-21 15:15:08,548:INFO:  explainerdashboard: 0.5.8
2026-07-21 15:15:08,548:INFO:             autoviz: Not installed
2026-07-21 15:15:08,548:INFO:           fairlearn: 0.7.0
2026-07-21 15:15:08,548:INFO:          deepchecks: Not installed
2026-07-21 15:15:08,548:INFO:             xgboost: 3.2.0
2026-07-21 15:15:08,549:INFO:            catboost: 1.2.10
2026-07-21 15:15:08,549:INFO:              kmodes: 0.12.2
2026-07-21 15:15:08,549:INFO:             mlxtend: 0.23.4
2026-07-21 15:15:08,549:INFO:       statsforecast: 1.5.0
2026-07-21 15:15:08,549:INFO:        tune_sklearn: Not installed
2026-07-21 15:15:08,549:INFO:                 ray: Not installed
2026-07-21 15:15:08,549:INFO:            hyperopt: 0.2.7
2026-07-21 15:15:08,549:INFO:              optuna: 4.9.0
2026-07-21 15:15:08,549:INFO:               skopt: 0.10.2
2026-07-21 15:15:08,549:INFO:              mlflow: 3.14.0
2026-07-21 15:15:08,549:INFO:              gradio: 6.20.0
2026-07-21 15:15:08,549:INFO:             fastapi: 0.139.0
2026-07-21 15:15:08,550:INFO:             uvicorn: 0.51.0
2026-07-21 15:15:08,550:INFO:              m2cgen: 0.10.0
2026-07-21 15:15:08,550:INFO:           evidently: 0.4.40
2026-07-21 15:15:08,550:INFO:               fugue: 0.8.7
2026-07-21 15:15:08,550:INFO:           streamlit: Not installed
2026-07-21 15:15:08,550:INFO:             prophet: Not installed
2026-07-21 15:15:08,550:INFO:None
2026-07-21 15:15:08,550:INFO:Set up data.
2026-07-21 15:15:08,563:INFO:Set up folding strategy.
2026-07-21 15:15:08,563:INFO:Set up train/test split.
2026-07-21 15:15:08,577:INFO:Set up index.
2026-07-21 15:15:08,578:INFO:Assigning column types.
2026-07-21 15:15:08,585:INFO:Engine successfully changes for model 'lr' to 'sklearn'.
2026-07-21 15:15:08,648:INFO:Engine for model 'knn' has not been set explicitly, hence returning None.
2026-07-21 15:15:08,654:INFO:Engine for model 'rbfsvm' has not been set explicitly, hence returning None.
2026-07-21 15:15:08,707:INFO:Soft dependency imported: xgboost: 3.2.0
2026-07-21 15:15:08,711:INFO:Soft dependency imported: catboost: 1.2.10
2026-07-21 15:15:08,837:INFO:Engine for model 'knn' has not been set explicitly, hence returning None.
2026-07-21 15:15:08,839:INFO:Engine for model 'rbfsvm' has not been set explicitly, hence returning None.
2026-07-21 15:15:08,895:INFO:Soft dependency imported: xgboost: 3.2.0
2026-07-21 15:15:08,900:INFO:Soft dependency imported: catboost: 1.2.10
2026-07-21 15:15:08,902:INFO:Engine successfully changes for model 'knn' to 'sklearn'.
2026-07-21 15:15:08,984:INFO:Engine for model 'rbfsvm' has not been set explicitly, hence returning None.
2026-07-21 15:15:09,031:INFO:Soft dependency imported: xgboost: 3.2.0
2026-07-21 15:15:09,035:INFO:Soft dependency imported: catboost: 1.2.10
2026-07-21 15:15:09,104:INFO:Engine for model 'rbfsvm' has not been set explicitly, hence returning None.
2026-07-21 15:15:09,146:INFO:Soft dependency imported: xgboost: 3.2.0
2026-07-21 15:15:09,150:INFO:Soft dependency imported: catboost: 1.2.10
2026-07-21 15:15:09,151:INFO:Engine successfully changes for model 'rbfsvm' to 'sklearn'.
2026-07-21 15:15:09,268:INFO:Soft dependency imported: xgboost: 3.2.0
2026-07-21 15:15:09,272:INFO:Soft dependency imported: catboost: 1.2.10
2026-07-21 15:15:09,385:INFO:Soft dependency imported: xgboost: 3.2.0
2026-07-21 15:15:09,389:INFO:Soft dependency imported: catboost: 1.2.10
2026-07-21 15:15:09,394:INFO:Preparing preprocessing pipeline...
2026-07-21 15:15:09,395:INFO:Set up label encoding.
2026-07-21 15:15:09,396:INFO:Set up simple imputation.
2026-07-21 15:15:09,400:INFO:Set up encoding of ordinal features.
2026-07-21 15:15:09,403:INFO:Set up encoding of categorical features.
2026-07-21 15:15:09,496:INFO:Finished creating preprocessing pipeline.
2026-07-21 15:15:09,523:INFO:Pipeline: Pipeline(memory=FastMemory(location=C:\Users\s123m\AppData\Local\Temp\joblib),
         steps=[('label_encoding',
                 TransformerWrapperWithInverse(exclude=None, include=None,
                                               transformer=LabelEncoder())),
                ('numerical_imputer',
                 TransformerWrapper(exclude=None,
                                    include=['Id', 'WeekofPurchase', 'StoreID',
                                             'PriceCH', 'PriceMM', 'DiscCH',
                                             'DiscMM', 'SpecialCH', 'SpecialMM',
                                             'Loyal...
                                                              missing_values=nan,
                                                              strategy='most_frequent'))),
                ('ordinal_encoding',
                 TransformerWrapper(exclude=None, include=['Store7'],
                                    transformer=OrdinalEncoder(cols=['Store7'],
                                                               drop_invariant=False,
                                                               handle_missing='return_nan',
                                                               handle_unknown='value',
                                                               mapping=[{'col': 'Store7',
                                                                         'data_type': dtype('O'),
                                                                         'mapping': No     0
Yes    1
NaN   -1
dtype: int64}],
                                                               return_df=True,
                                                               verbose=0)))],
         verbose=False)
2026-07-21 15:15:09,524:INFO:Creating final display dataframe.
2026-07-21 15:15:09,831:INFO:Setup _display_container:                     Description             Value
0                    Session id               123
1                        Target          Purchase
2                   Target type            Binary
3                Target mapping      CH: 0, MM: 1
4           Original data shape        (1070, 19)
5        Transformed data shape        (1070, 19)
6   Transformed train set shape         (749, 19)
7    Transformed test set shape         (321, 19)
8              Numeric features                17
9          Categorical features                 1
10                   Preprocess              True
11              Imputation type            simple
12           Numeric imputation              mean
13       Categorical imputation              mode
14     Maximum one-hot encoding                25
15              Encoding method              None
16               Fold Generator   StratifiedKFold
17                  Fold Number                10
18                     CPU Jobs                -1
19                      Use GPU             False
20               Log Experiment             False
21              Experiment Name  clf-default-name
22                          USI              8168
2026-07-21 15:15:09,944:INFO:Soft dependency imported: xgboost: 3.2.0
2026-07-21 15:15:09,948:INFO:Soft dependency imported: catboost: 1.2.10
2026-07-21 15:15:10,060:INFO:Soft dependency imported: xgboost: 3.2.0
2026-07-21 15:15:10,064:INFO:Soft dependency imported: catboost: 1.2.10
2026-07-21 15:15:10,066:INFO:setup() successfully completed in 12.14s...............
2026-07-21 16:03:31,309:WARNING:
'cuml' is a soft dependency and not included in the pycaret installation. Please run: `pip install cuml` to install.
2026-07-21 16:03:31,310:WARNING:
'cuml' is a soft dependency and not included in the pycaret installation. Please run: `pip install cuml` to install.
2026-07-21 16:03:31,310:WARNING:
'cuml' is a soft dependency and not included in the pycaret installation. Please run: `pip install cuml` to install.
2026-07-21 16:03:31,310:WARNING:
'cuml' is a soft dependency and not included in the pycaret installation. Please run: `pip install cuml` to install.
2026-07-21 16:03:37,760:INFO:PyCaret ClassificationExperiment
2026-07-21 16:03:37,760:INFO:Logging name: clf-default-name
2026-07-21 16:03:37,760:INFO:ML Usecase: MLUsecase.CLASSIFICATION
2026-07-21 16:03:37,760:INFO:version 3.3.2
2026-07-21 16:03:37,760:INFO:Initializing setup()
2026-07-21 16:03:37,761:INFO:self.USI: 2f63
2026-07-21 16:03:37,761:INFO:self._variable_keys: {'exp_id', 'USI', 'y', 'logging_param', 'is_multiclass', 'fold_groups_param', 'gpu_param', 'log_plots_param', 'pipeline', 'n_jobs_param', 'exp_name_log', 'y_train', 'seed', '_available_plots', 'fold_generator', 'X_train', 'idx', 'gpu_n_jobs_param', 'fold_shuffle_param', 'fix_imbalance', 'y_test', 'target_param', '_ml_usecase', 'X_test', 'html_param', 'memory', 'X', 'data'}
2026-07-21 16:03:37,761:INFO:Checking environment
2026-07-21 16:03:37,761:INFO:python_version: 3.10.20
2026-07-21 16:03:37,761:INFO:python_build: ('main', 'Jun 11 2026 15:13:20')
2026-07-21 16:03:37,761:INFO:machine: AMD64
2026-07-21 16:03:37,834:INFO:platform: Windows-10-10.0.26200-SP0
2026-07-21 16:03:37,835:INFO:Memory: svmem(total=68584497152, available=42032537600, percent=38.7, used=26551959552, free=42032537600)
2026-07-21 16:03:37,835:INFO:Physical Core: 6
2026-07-21 16:03:37,835:INFO:Logical Core: 12
2026-07-21 16:03:37,835:INFO:Checking libraries
2026-07-21 16:03:37,835:INFO:System:
2026-07-21 16:03:37,835:INFO:    python: 3.10.20 | packaged by Anaconda, Inc. | (main, Jun 11 2026, 15:13:20) [MSC v.1942 64 bit (AMD64)]
2026-07-21 16:03:37,835:INFO:executable: E:\testIT3385\IT3385_Env\env\python.exe
2026-07-21 16:03:37,835:INFO:   machine: Windows-10-10.0.26200-SP0
2026-07-21 16:03:37,835:INFO:PyCaret required dependencies:
2026-07-21 16:03:37,837:WARNING:E:\testIT3385\IT3385_Env\env\lib\site-packages\_distutils_hack\__init__.py:30: UserWarning: Setuptools is replacing distutils. Support for replacing an already imported distutils is deprecated. In the future, this condition will fail. Register concerns at https://github.com/pypa/setuptools/issues/new?template=distutils-deprecation.yml
  warnings.warn(

2026-07-21 16:03:39,377:INFO:                 pip: 26.1.2
2026-07-21 16:03:39,377:INFO:          setuptools: 82.0.1
2026-07-21 16:03:39,377:INFO:             pycaret: 3.3.2
2026-07-21 16:03:39,377:INFO:             IPython: 8.39.0
2026-07-21 16:03:39,377:INFO:          ipywidgets: 8.1.8
2026-07-21 16:03:39,377:INFO:                tqdm: 4.68.4
2026-07-21 16:03:39,377:INFO:               numpy: 1.26.4
2026-07-21 16:03:39,377:INFO:              pandas: 2.1.4
2026-07-21 16:03:39,377:INFO:              jinja2: 3.1.6
2026-07-21 16:03:39,378:INFO:               scipy: 1.11.4
2026-07-21 16:03:39,378:INFO:              joblib: 1.3.2
2026-07-21 16:03:39,378:INFO:             sklearn: 1.4.2
2026-07-21 16:03:39,378:INFO:                pyod: 3.4.0
2026-07-21 16:03:39,378:INFO:            imblearn: 0.14.2
2026-07-21 16:03:39,378:INFO:   category_encoders: 2.7.0
2026-07-21 16:03:39,378:INFO:            lightgbm: 4.6.0
2026-07-21 16:03:39,378:INFO:               numba: 0.62.1
2026-07-21 16:03:39,378:INFO:            requests: 2.34.2
2026-07-21 16:03:39,378:INFO:          matplotlib: 3.7.5
2026-07-21 16:03:39,379:INFO:          scikitplot: 0.3.7
2026-07-21 16:03:39,379:INFO:         yellowbrick: 1.5
2026-07-21 16:03:39,379:INFO:              plotly: 6.8.0
2026-07-21 16:03:39,379:INFO:    plotly-resampler: Not installed
2026-07-21 16:03:39,379:INFO:             kaleido: 1.3.0
2026-07-21 16:03:39,379:INFO:           schemdraw: 0.15
2026-07-21 16:03:39,379:INFO:         statsmodels: 0.14.6
2026-07-21 16:03:39,379:INFO:              sktime: 0.26.0
2026-07-21 16:03:39,379:INFO:               tbats: 1.1.3
2026-07-21 16:03:39,379:INFO:            pmdarima: 2.0.4
2026-07-21 16:03:39,379:INFO:              psutil: 7.2.2
2026-07-21 16:03:39,380:INFO:          markupsafe: 3.0.3
2026-07-21 16:03:39,380:INFO:             pickle5: Not installed
2026-07-21 16:03:39,380:INFO:         cloudpickle: 3.1.2
2026-07-21 16:03:39,380:INFO:         deprecation: 2.1.0
2026-07-21 16:03:39,380:INFO:              xxhash: 3.8.1
2026-07-21 16:03:39,380:INFO:           wurlitzer: Not installed
2026-07-21 16:03:39,380:INFO:PyCaret optional dependencies:
2026-07-21 16:03:47,167:INFO:                shap: 0.44.1
2026-07-21 16:03:47,167:INFO:           interpret: 0.6.9
2026-07-21 16:03:47,167:INFO:                umap: 0.5.7
2026-07-21 16:03:47,167:INFO:     ydata_profiling: 4.18.4
2026-07-21 16:03:47,168:INFO:  explainerdashboard: 0.5.8
2026-07-21 16:03:47,168:INFO:             autoviz: Not installed
2026-07-21 16:03:47,168:INFO:           fairlearn: 0.7.0
2026-07-21 16:03:47,168:INFO:          deepchecks: Not installed
2026-07-21 16:03:47,168:INFO:             xgboost: 3.2.0
2026-07-21 16:03:47,168:INFO:            catboost: 1.2.10
2026-07-21 16:03:47,168:INFO:              kmodes: 0.12.2
2026-07-21 16:03:47,168:INFO:             mlxtend: 0.23.4
2026-07-21 16:03:47,168:INFO:       statsforecast: 1.5.0
2026-07-21 16:03:47,168:INFO:        tune_sklearn: Not installed
2026-07-21 16:03:47,168:INFO:                 ray: Not installed
2026-07-21 16:03:47,169:INFO:            hyperopt: 0.2.7
2026-07-21 16:03:47,169:INFO:              optuna: 4.9.0
2026-07-21 16:03:47,169:INFO:               skopt: 0.10.2
2026-07-21 16:03:47,169:INFO:              mlflow: 3.14.0
2026-07-21 16:03:47,169:INFO:              gradio: 6.20.0
2026-07-21 16:03:47,169:INFO:             fastapi: 0.139.0
2026-07-21 16:03:47,169:INFO:             uvicorn: 0.51.0
2026-07-21 16:03:47,169:INFO:              m2cgen: 0.10.0
2026-07-21 16:03:47,169:INFO:           evidently: 0.4.40
2026-07-21 16:03:47,169:INFO:               fugue: 0.8.7
2026-07-21 16:03:47,170:INFO:           streamlit: Not installed
2026-07-21 16:03:47,170:INFO:             prophet: Not installed
2026-07-21 16:03:47,170:INFO:None
2026-07-21 16:03:47,170:INFO:Set up data.
2026-07-21 16:03:47,184:INFO:Set up folding strategy.
2026-07-21 16:03:47,185:INFO:Set up train/test split.
2026-07-21 16:03:47,199:INFO:Set up index.
2026-07-21 16:03:47,199:INFO:Assigning column types.
2026-07-21 16:03:47,207:INFO:Engine successfully changes for model 'lr' to 'sklearn'.
2026-07-21 16:03:47,272:INFO:Engine for model 'knn' has not been set explicitly, hence returning None.
2026-07-21 16:03:47,278:INFO:Engine for model 'rbfsvm' has not been set explicitly, hence returning None.
2026-07-21 16:03:47,329:INFO:Soft dependency imported: xgboost: 3.2.0
2026-07-21 16:03:47,333:INFO:Soft dependency imported: catboost: 1.2.10
2026-07-21 16:03:47,451:INFO:Engine for model 'knn' has not been set explicitly, hence returning None.
2026-07-21 16:03:47,452:INFO:Engine for model 'rbfsvm' has not been set explicitly, hence returning None.
2026-07-21 16:03:47,491:INFO:Soft dependency imported: xgboost: 3.2.0
2026-07-21 16:03:47,495:INFO:Soft dependency imported: catboost: 1.2.10
2026-07-21 16:03:47,496:INFO:Engine successfully changes for model 'knn' to 'sklearn'.
2026-07-21 16:03:47,559:INFO:Engine for model 'rbfsvm' has not been set explicitly, hence returning None.
2026-07-21 16:03:47,598:INFO:Soft dependency imported: xgboost: 3.2.0
2026-07-21 16:03:47,602:INFO:Soft dependency imported: catboost: 1.2.10
2026-07-21 16:03:47,665:INFO:Engine for model 'rbfsvm' has not been set explicitly, hence returning None.
2026-07-21 16:03:47,704:INFO:Soft dependency imported: xgboost: 3.2.0
2026-07-21 16:03:47,708:INFO:Soft dependency imported: catboost: 1.2.10
2026-07-21 16:03:47,709:INFO:Engine successfully changes for model 'rbfsvm' to 'sklearn'.
2026-07-21 16:03:47,812:INFO:Soft dependency imported: xgboost: 3.2.0
2026-07-21 16:03:47,815:INFO:Soft dependency imported: catboost: 1.2.10
2026-07-21 16:03:47,921:INFO:Soft dependency imported: xgboost: 3.2.0
2026-07-21 16:03:47,924:INFO:Soft dependency imported: catboost: 1.2.10
2026-07-21 16:03:47,929:INFO:Preparing preprocessing pipeline...
2026-07-21 16:03:47,931:INFO:Set up label encoding.
2026-07-21 16:03:47,931:INFO:Set up simple imputation.
2026-07-21 16:03:47,935:INFO:Set up encoding of ordinal features.
2026-07-21 16:03:47,938:INFO:Set up encoding of categorical features.
2026-07-21 16:03:48,023:INFO:Finished creating preprocessing pipeline.
2026-07-21 16:03:48,048:INFO:Pipeline: Pipeline(memory=FastMemory(location=C:\Users\s123m\AppData\Local\Temp\joblib),
         steps=[('label_encoding',
                 TransformerWrapperWithInverse(exclude=None, include=None,
                                               transformer=LabelEncoder())),
                ('numerical_imputer',
                 TransformerWrapper(exclude=None,
                                    include=['Id', 'WeekofPurchase', 'StoreID',
                                             'PriceCH', 'PriceMM', 'DiscCH',
                                             'DiscMM', 'SpecialCH', 'SpecialMM',
                                             'Loyal...
                                                              missing_values=nan,
                                                              strategy='most_frequent'))),
                ('ordinal_encoding',
                 TransformerWrapper(exclude=None, include=['Store7'],
                                    transformer=OrdinalEncoder(cols=['Store7'],
                                                               drop_invariant=False,
                                                               handle_missing='return_nan',
                                                               handle_unknown='value',
                                                               mapping=[{'col': 'Store7',
                                                                         'data_type': dtype('O'),
                                                                         'mapping': No     0
Yes    1
NaN   -1
dtype: int64}],
                                                               return_df=True,
                                                               verbose=0)))],
         verbose=False)
2026-07-21 16:03:48,049:INFO:Creating final display dataframe.
2026-07-21 16:03:48,325:INFO:Setup _display_container:                     Description             Value
0                    Session id               123
1                        Target          Purchase
2                   Target type            Binary
3                Target mapping      CH: 0, MM: 1
4           Original data shape        (1070, 19)
5        Transformed data shape        (1070, 19)
6   Transformed train set shape         (749, 19)
7    Transformed test set shape         (321, 19)
8              Numeric features                17
9          Categorical features                 1
10                   Preprocess              True
11              Imputation type            simple
12           Numeric imputation              mean
13       Categorical imputation              mode
14     Maximum one-hot encoding                25
15              Encoding method              None
16               Fold Generator   StratifiedKFold
17                  Fold Number                10
18                     CPU Jobs                -1
19                      Use GPU             False
20               Log Experiment             False
21              Experiment Name  clf-default-name
22                          USI              2f63
2026-07-21 16:03:48,431:INFO:Soft dependency imported: xgboost: 3.2.0
2026-07-21 16:03:48,436:INFO:Soft dependency imported: catboost: 1.2.10
2026-07-21 16:03:48,545:INFO:Soft dependency imported: xgboost: 3.2.0
2026-07-21 16:03:48,548:INFO:Soft dependency imported: catboost: 1.2.10
2026-07-21 16:03:48,550:INFO:setup() successfully completed in 10.83s...............
2026-07-21 17:01:00,974:WARNING:
'cuml' is a soft dependency and not included in the pycaret installation. Please run: `pip install cuml` to install.
2026-07-21 17:01:00,974:WARNING:
'cuml' is a soft dependency and not included in the pycaret installation. Please run: `pip install cuml` to install.
2026-07-21 17:01:00,974:WARNING:
'cuml' is a soft dependency and not included in the pycaret installation. Please run: `pip install cuml` to install.
2026-07-21 17:01:00,974:WARNING:
'cuml' is a soft dependency and not included in the pycaret installation. Please run: `pip install cuml` to install.
2026-07-21 17:01:06,863:INFO:PyCaret ClassificationExperiment
2026-07-21 17:01:06,863:INFO:Logging name: clf-default-name
2026-07-21 17:01:06,864:INFO:ML Usecase: MLUsecase.CLASSIFICATION
2026-07-21 17:01:06,864:INFO:version 3.3.2
2026-07-21 17:01:06,864:INFO:Initializing setup()
2026-07-21 17:01:06,864:INFO:self.USI: 921e
2026-07-21 17:01:06,864:INFO:self._variable_keys: {'exp_name_log', '_available_plots', 'pipeline', 'data', 'X', 'fold_groups_param', 'fold_shuffle_param', 'exp_id', 'X_train', 'is_multiclass', 'fix_imbalance', '_ml_usecase', 'gpu_param', 'logging_param', 'html_param', 'seed', 'y_test', 'n_jobs_param', 'X_test', 'fold_generator', 'y_train', 'target_param', 'gpu_n_jobs_param', 'log_plots_param', 'USI', 'idx', 'y', 'memory'}
2026-07-21 17:01:06,864:INFO:Checking environment
2026-07-21 17:01:06,864:INFO:python_version: 3.10.20
2026-07-21 17:01:06,864:INFO:python_build: ('main', 'Jun 11 2026 15:13:20')
2026-07-21 17:01:06,864:INFO:machine: AMD64
2026-07-21 17:01:06,946:INFO:platform: Windows-10-10.0.26200-SP0
2026-07-21 17:01:06,946:INFO:Memory: svmem(total=68584497152, available=34548310016, percent=49.6, used=34036187136, free=34548310016)
2026-07-21 17:01:06,946:INFO:Physical Core: 6
2026-07-21 17:01:06,946:INFO:Logical Core: 12
2026-07-21 17:01:06,947:INFO:Checking libraries
2026-07-21 17:01:06,947:INFO:System:
2026-07-21 17:01:06,947:INFO:    python: 3.10.20 | packaged by Anaconda, Inc. | (main, Jun 11 2026, 15:13:20) [MSC v.1942 64 bit (AMD64)]
2026-07-21 17:01:06,947:INFO:executable: E:\testIT3385\IT3385_Env - Copy\env\python.exe
2026-07-21 17:01:06,947:INFO:   machine: Windows-10-10.0.26200-SP0
2026-07-21 17:01:06,947:INFO:PyCaret required dependencies:
2026-07-21 17:01:06,948:WARNING:E:\testIT3385\IT3385_Env - Copy\env\lib\site-packages\_distutils_hack\__init__.py:30: UserWarning: Setuptools is replacing distutils. Support for replacing an already imported distutils is deprecated. In the future, this condition will fail. Register concerns at https://github.com/pypa/setuptools/issues/new?template=distutils-deprecation.yml
  warnings.warn(

2026-07-21 17:01:08,526:INFO:                 pip: 26.1.2
2026-07-21 17:01:08,527:INFO:          setuptools: 82.0.1
2026-07-21 17:01:08,527:INFO:             pycaret: 3.3.2
2026-07-21 17:01:08,527:INFO:             IPython: 8.39.0
2026-07-21 17:01:08,527:INFO:          ipywidgets: 8.1.8
2026-07-21 17:01:08,527:INFO:                tqdm: 4.68.4
2026-07-21 17:01:08,527:INFO:               numpy: 1.26.4
2026-07-21 17:01:08,527:INFO:              pandas: 2.1.4
2026-07-21 17:01:08,527:INFO:              jinja2: 3.1.6
2026-07-21 17:01:08,527:INFO:               scipy: 1.11.4
2026-07-21 17:01:08,527:INFO:              joblib: 1.3.2
2026-07-21 17:01:08,527:INFO:             sklearn: 1.4.2
2026-07-21 17:01:08,528:INFO:                pyod: 3.4.0
2026-07-21 17:01:08,528:INFO:            imblearn: 0.14.2
2026-07-21 17:01:08,528:INFO:   category_encoders: 2.7.0
2026-07-21 17:01:08,528:INFO:            lightgbm: 4.6.0
2026-07-21 17:01:08,528:INFO:               numba: 0.62.1
2026-07-21 17:01:08,528:INFO:            requests: 2.34.2
2026-07-21 17:01:08,528:INFO:          matplotlib: 3.7.5
2026-07-21 17:01:08,528:INFO:          scikitplot: 0.3.7
2026-07-21 17:01:08,528:INFO:         yellowbrick: 1.5
2026-07-21 17:01:08,528:INFO:              plotly: 6.8.0
2026-07-21 17:01:08,529:INFO:    plotly-resampler: Not installed
2026-07-21 17:01:08,529:INFO:             kaleido: 1.3.0
2026-07-21 17:01:08,529:INFO:           schemdraw: 0.15
2026-07-21 17:01:08,529:INFO:         statsmodels: 0.14.6
2026-07-21 17:01:08,529:INFO:              sktime: 0.26.0
2026-07-21 17:01:08,529:INFO:               tbats: 1.1.3
2026-07-21 17:01:08,529:INFO:            pmdarima: 2.0.4
2026-07-21 17:01:08,529:INFO:              psutil: 7.2.2
2026-07-21 17:01:08,529:INFO:          markupsafe: 3.0.3
2026-07-21 17:01:08,530:INFO:             pickle5: Not installed
2026-07-21 17:01:08,530:INFO:         cloudpickle: 3.1.2
2026-07-21 17:01:08,530:INFO:         deprecation: 2.1.0
2026-07-21 17:01:08,530:INFO:              xxhash: 3.8.1
2026-07-21 17:01:08,530:INFO:           wurlitzer: Not installed
2026-07-21 17:01:08,530:INFO:PyCaret optional dependencies:
2026-07-21 17:01:16,614:INFO:                shap: 0.44.1
2026-07-21 17:01:16,614:INFO:           interpret: 0.6.9
2026-07-21 17:01:16,614:INFO:                umap: 0.5.7
2026-07-21 17:01:16,614:INFO:     ydata_profiling: 4.18.4
2026-07-21 17:01:16,614:INFO:  explainerdashboard: 0.5.8
2026-07-21 17:01:16,614:INFO:             autoviz: Not installed
2026-07-21 17:01:16,614:INFO:           fairlearn: 0.7.0
2026-07-21 17:01:16,614:INFO:          deepchecks: Not installed
2026-07-21 17:01:16,614:INFO:             xgboost: 3.2.0
2026-07-21 17:01:16,615:INFO:            catboost: 1.2.10
2026-07-21 17:01:16,615:INFO:              kmodes: 0.12.2
2026-07-21 17:01:16,615:INFO:             mlxtend: 0.23.4
2026-07-21 17:01:16,615:INFO:       statsforecast: 1.5.0
2026-07-21 17:01:16,615:INFO:        tune_sklearn: Not installed
2026-07-21 17:01:16,615:INFO:                 ray: Not installed
2026-07-21 17:01:16,615:INFO:            hyperopt: 0.2.7
2026-07-21 17:01:16,615:INFO:              optuna: 4.9.0
2026-07-21 17:01:16,615:INFO:               skopt: 0.10.2
2026-07-21 17:01:16,615:INFO:              mlflow: 3.14.0
2026-07-21 17:01:16,615:INFO:              gradio: 6.20.0
2026-07-21 17:01:16,616:INFO:             fastapi: 0.139.0
2026-07-21 17:01:16,616:INFO:             uvicorn: 0.51.0
2026-07-21 17:01:16,616:INFO:              m2cgen: 0.10.0
2026-07-21 17:01:16,616:INFO:           evidently: 0.4.40
2026-07-21 17:01:16,616:INFO:               fugue: 0.8.7
2026-07-21 17:01:16,616:INFO:           streamlit: Not installed
2026-07-21 17:01:16,616:INFO:             prophet: Not installed
2026-07-21 17:01:16,616:INFO:None
2026-07-21 17:01:16,616:INFO:Set up data.
2026-07-21 17:01:16,627:INFO:Set up folding strategy.
2026-07-21 17:01:16,627:INFO:Set up train/test split.
2026-07-21 17:01:16,639:INFO:Set up index.
2026-07-21 17:01:16,640:INFO:Assigning column types.
2026-07-21 17:01:16,647:INFO:Engine successfully changes for model 'lr' to 'sklearn'.
2026-07-21 17:01:16,709:INFO:Engine for model 'knn' has not been set explicitly, hence returning None.
2026-07-21 17:01:16,715:INFO:Engine for model 'rbfsvm' has not been set explicitly, hence returning None.
2026-07-21 17:01:16,764:INFO:Soft dependency imported: xgboost: 3.2.0
2026-07-21 17:01:16,768:INFO:Soft dependency imported: catboost: 1.2.10
2026-07-21 17:01:16,882:INFO:Engine for model 'knn' has not been set explicitly, hence returning None.
2026-07-21 17:01:16,884:INFO:Engine for model 'rbfsvm' has not been set explicitly, hence returning None.
2026-07-21 17:01:16,922:INFO:Soft dependency imported: xgboost: 3.2.0
2026-07-21 17:01:16,925:INFO:Soft dependency imported: catboost: 1.2.10
2026-07-21 17:01:16,926:INFO:Engine successfully changes for model 'knn' to 'sklearn'.
2026-07-21 17:01:16,986:INFO:Engine for model 'rbfsvm' has not been set explicitly, hence returning None.
2026-07-21 17:01:17,024:INFO:Soft dependency imported: xgboost: 3.2.0
2026-07-21 17:01:17,027:INFO:Soft dependency imported: catboost: 1.2.10
2026-07-21 17:01:17,088:INFO:Engine for model 'rbfsvm' has not been set explicitly, hence returning None.
2026-07-21 17:01:17,124:INFO:Soft dependency imported: xgboost: 3.2.0
2026-07-21 17:01:17,128:INFO:Soft dependency imported: catboost: 1.2.10
2026-07-21 17:01:17,129:INFO:Engine successfully changes for model 'rbfsvm' to 'sklearn'.
2026-07-21 17:01:17,233:INFO:Soft dependency imported: xgboost: 3.2.0
2026-07-21 17:01:17,236:INFO:Soft dependency imported: catboost: 1.2.10
2026-07-21 17:01:17,336:INFO:Soft dependency imported: xgboost: 3.2.0
2026-07-21 17:01:17,340:INFO:Soft dependency imported: catboost: 1.2.10
2026-07-21 17:01:17,344:INFO:Preparing preprocessing pipeline...
2026-07-21 17:01:17,346:INFO:Set up label encoding.
2026-07-21 17:01:17,346:INFO:Set up simple imputation.
2026-07-21 17:01:17,350:INFO:Set up encoding of ordinal features.
2026-07-21 17:01:17,352:INFO:Set up encoding of categorical features.
2026-07-21 17:01:17,435:INFO:Finished creating preprocessing pipeline.
2026-07-21 17:01:17,460:INFO:Pipeline: Pipeline(memory=FastMemory(location=C:\Users\s123m\AppData\Local\Temp\joblib),
         steps=[('label_encoding',
                 TransformerWrapperWithInverse(exclude=None, include=None,
                                               transformer=LabelEncoder())),
                ('numerical_imputer',
                 TransformerWrapper(exclude=None,
                                    include=['Id', 'WeekofPurchase', 'StoreID',
                                             'PriceCH', 'PriceMM', 'DiscCH',
                                             'DiscMM', 'SpecialCH', 'SpecialMM',
                                             'Loyal...
                                                              missing_values=nan,
                                                              strategy='most_frequent'))),
                ('ordinal_encoding',
                 TransformerWrapper(exclude=None, include=['Store7'],
                                    transformer=OrdinalEncoder(cols=['Store7'],
                                                               drop_invariant=False,
                                                               handle_missing='return_nan',
                                                               handle_unknown='value',
                                                               mapping=[{'col': 'Store7',
                                                                         'data_type': dtype('O'),
                                                                         'mapping': No     0
Yes    1
NaN   -1
dtype: int64}],
                                                               return_df=True,
                                                               verbose=0)))],
         verbose=False)
2026-07-21 17:01:17,460:INFO:Creating final display dataframe.
2026-07-21 17:01:17,740:INFO:Setup _display_container:                     Description             Value
0                    Session id               123
1                        Target          Purchase
2                   Target type            Binary
3                Target mapping      CH: 0, MM: 1
4           Original data shape        (1070, 19)
5        Transformed data shape        (1070, 19)
6   Transformed train set shape         (749, 19)
7    Transformed test set shape         (321, 19)
8              Numeric features                17
9          Categorical features                 1
10                   Preprocess              True
11              Imputation type            simple
12           Numeric imputation              mean
13       Categorical imputation              mode
14     Maximum one-hot encoding                25
15              Encoding method              None
16               Fold Generator   StratifiedKFold
17                  Fold Number                10
18                     CPU Jobs                -1
19                      Use GPU             False
20               Log Experiment             False
21              Experiment Name  clf-default-name
22                          USI              921e
2026-07-21 17:01:17,839:INFO:Soft dependency imported: xgboost: 3.2.0
2026-07-21 17:01:17,843:INFO:Soft dependency imported: catboost: 1.2.10
2026-07-21 17:01:17,943:INFO:Soft dependency imported: xgboost: 3.2.0
2026-07-21 17:01:17,947:INFO:Soft dependency imported: catboost: 1.2.10
2026-07-21 17:01:17,949:INFO:setup() successfully completed in 11.15s...............
